<html>
<body>
<pre>
<h1>µVision Build Log</h1>
<h2>Tool Versions:</h2>
IDE-Version: ¦ÌVision V5.37.0.0
Copyright (C) 2022 ARM Ltd and ARM Germany GmbH. All rights reserved.
License Information: 11111 26526, 2665, LIC=JL28G-V13BQ-EV71R-KKFCN-YCSLH-AIJ8W
 
Tool Versions:
Toolchain:       MDK-ARM Plus  Version: 5.37.0.0
Toolchain Path:  D:\APP\keil\ARM\ARMCLANG\Bin
C Compiler:      ArmClang.exe V6.18
Assembler:       Armasm.exe V6.18
Linker/Locator:  ArmLink.exe V6.18
Library Manager: ArmAr.exe V6.18
Hex Converter:   FromElf.exe V6.18
CPU DLL:         SARMCM3.DLL V5.37.0.0
Dialog DLL:      DCM.DLL V1.17.5.0
Target DLL:      CMSIS_AGDI.dll V1.33.12.0
Dialog DLL:      TCM.DLL V1.56.1.0
 
<h2>Project:</h2>
D:\windown\2.7\Remote_Control\MDK-ARM\Remote_Control.uvprojx
Project File Date:  03/13/2026

<h2>Output:</h2>
*** Using Compiler 'V6.18', folder: 'D:\APP\keil\ARM\ARMCLANG\Bin'
*** Warning: You are compiling one or more files of source type C++ and have selected 'use MicroLIB'. MicroLIB does not support C++!
  
Rebuild target 'Remote_Control'
Note: source file '..\BSW\ADC.c' - object file renamed from 'Remote_Control\ADC.o' to 'Remote_Control\adc_1.o'.
assembling startup_stm32f405xx.s...
compiling adc.c...
compiling gpio.c...
../Core/Src/main.c(111): warning: implicit declaration of function 'lv_port_disp_init' is invalid in C99 [-Wimplicit-function-declaration]
  lv_port_disp_init(); // <B5><F7><D3><C3><C4><E3><D0><U+07B8>Äº<F3><B5><C4><CF><D4>Ê¾<BD>Ó¿Ú³<F5>Ê¼<BB><AF>
  ^
1 warning generated.
compiling main.c...
compiling dma.c...
compiling spi.c...
compiling tim.c...
compiling stm32f4xx_hal_msp.c...
compiling stm32f4xx_it.c...
compiling stm32f4xx_hal_adc_ex.c...
compiling stm32f4xx_hal_adc.c...
compiling stm32f4xx_ll_adc.c...
compiling stm32f4xx_hal_rcc.c...
compiling stm32f4xx_hal_rcc_ex.c...
compiling stm32f4xx_hal_flash.c...
compiling stm32f4xx_hal_flash_ex.c...
compiling stm32f4xx_hal_flash_ramfunc.c...
compiling stm32f4xx_hal_gpio.c...
compiling stm32f4xx_hal_pwr.c...
compiling stm32f4xx_hal_dma_ex.c...
compiling stm32f4xx_hal_dma.c...
compiling stm32f4xx_hal_pwr_ex.c...
compiling stm32f4xx_hal_cortex.c...
compiling stm32f4xx_hal.c...
compiling stm32f4xx_hal_exti.c...
compiling system_stm32f4xx.c...
compiling stm32f4xx_hal_spi.c...
compiling stm32f4xx_hal_tim_ex.c...
compiling fonts.c...
compiling FR24L01P.c...
compiling ADC.c...
compiling stm32f4xx_hal_tim.c...
compiling task.c...
compiling com.c...
compiling st7789v.c...
compiling img_benchmark_avatar.c...
compiling img_benchmark_lvgl_logo_argb.c...
compiling img_benchmark_lvgl_logo_rgb.c...
compiling lv_font_benchmark_montserrat_12_aligned.c...
compiling lv_font_benchmark_montserrat_14_aligned.c...
compiling lv_font_benchmark_montserrat_16_aligned.c...
compiling lv_font_benchmark_montserrat_18_aligned.c...
compiling lv_font_benchmark_montserrat_20_aligned.c...
compiling lv_font_benchmark_montserrat_24_aligned.c...
compiling lv_demos.c...
compiling lv_font_benchmark_montserrat_26_aligned.c...
compiling img_lv_demo_music_btn_corner_large.c...
compiling img_lv_demo_music_btn_list_pause.c...
compiling img_lv_demo_music_btn_list_pause_large.c...
compiling img_lv_demo_music_btn_list_play.c...
compiling img_lv_demo_music_btn_list_play_large.c...
compiling img_lv_demo_music_btn_loop.c...
compiling img_lv_demo_music_btn_loop_large.c...
compiling img_lv_demo_music_btn_next.c...
compiling img_lv_demo_music_btn_next_large.c...
compiling img_lv_demo_music_btn_pause.c...
compiling img_lv_demo_music_btn_play.c...
compiling img_lv_demo_music_btn_play_large.c...
compiling img_lv_demo_music_btn_pause_large.c...
compiling img_lv_demo_music_btn_prev.c...
compiling img_lv_demo_music_btn_prev_large.c...
compiling img_lv_demo_music_btn_rnd.c...
compiling img_lv_demo_music_btn_rnd_large.c...
compiling img_lv_demo_music_corner_left.c...
compiling img_lv_demo_music_corner_left_large.c...
compiling img_lv_demo_music_corner_right.c...
compiling img_lv_demo_music_corner_right_large.c...
compiling img_lv_demo_music_cover_1.c...
compiling img_lv_demo_music_cover_1_large.c...
compiling img_lv_demo_music_cover_2.c...
compiling img_lv_demo_music_cover_2_large.c...
compiling img_lv_demo_music_cover_3.c...
compiling img_lv_demo_music_cover_3_large.c...
compiling img_lv_demo_music_icon_1.c...
compiling img_lv_demo_music_icon_1_large.c...
compiling img_lv_demo_music_icon_2.c...
compiling img_lv_demo_music_icon_2_large.c...
compiling img_lv_demo_music_icon_3.c...
compiling img_lv_demo_music_icon_3_large.c...
compiling img_lv_demo_music_icon_4.c...
compiling img_lv_demo_music_icon_4_large.c...
compiling img_lv_demo_music_logo.c...
compiling img_lv_demo_music_list_border.c...
compiling img_lv_demo_music_list_border_large.c...
compiling img_lv_demo_music_slider_knob.c...
compiling img_lv_demo_music_wave_bottom_large.c...
compiling img_lv_demo_music_slider_knob_large.c...
compiling img_lv_demo_music_wave_bottom.c...
compiling img_lv_demo_music_wave_top.c...
compiling img_lv_demo_music_wave_top_large.c...
compiling img_render_lvgl_logo_argb8888.c...
compiling img_render_arc_bg.c...
compiling img_render_lvgl_logo_argb8888_premultiplied.c...
compiling img_render_lvgl_logo_i1.c...
compiling img_render_lvgl_logo_l8.c...
compiling img_render_lvgl_logo_rgb565.c...
compiling img_render_lvgl_logo_rgb565_swapped.c...
compiling img_render_lvgl_logo_rgb565a8.c...
compiling img_render_lvgl_logo_rgb888.c...
compiling img_clothes.c...
compiling img_render_lvgl_logo_xrgb8888.c...
compiling img_demo_vector_avatar.c...
compiling img_demo_widgets_needle.c...
compiling img_demo_widgets_avatar.c...
compiling img_lvgl_logo.c...
compiling lv_demo_widgets_components.c...
compiling lv_demo_widgets.c...
compiling lv_demo_widgets_profile.c...
compiling lv_demo_widgets_analytics.c...
compiling lv_cmsis_pack.c...
compiling lv_demo_widgets_shop.c...
compiling lv_group.c...
compiling lv_obj_class.c...
compiling lv_obj.c...
compiling lv_obj_draw.c...
compiling lv_obj_event.c...
compiling lv_obj_id_builtin.c...
compiling lv_obj_property.c...
compiling lv_obj_scroll.c...
compiling lv_obj_style_gen.c...
compiling lv_obj_pos.c...
compiling lv_obj_style.c...
compiling lv_obj_tree.c...
compiling lv_refr.c...
compiling lv_display.c...
compiling lv_draw_buf_convert_helium.c...
compiling lv_draw_buf_convert.c...
compiling lv_draw_buf_convert_neon.c...
compiling lv_draw_3d.c...
compiling lv_draw_arc.c...
compiling lv_draw.c...
compiling lv_draw_buf.c...
compiling lv_draw_image.c...
compiling lv_draw_line.c...
compiling lv_draw_label.c...
compiling lv_draw_mask.c...
compiling lv_draw_triangle.c...
compiling lv_draw_rect.c...
compiling lv_draw_vector.c...
compiling lv_draw_opengles.c...
compiling lv_image_decoder.c...
compiling lv_draw_sw_blend.c...
compiling lv_draw_sw_blend_to_argb8888_premultiplied.c...
compiling lv_draw_sw_blend_to_al88.c...
compiling lv_draw_sw_blend_to_i1.c...
compiling lv_draw_sw_blend_to_argb8888.c...
compiling lv_draw_sw_blend_to_l8.c...
compiling lv_draw_sw_blend_neon_to_rgb565.c...
compiling lv_draw_sw_blend_neon_to_rgb888.c...
compiling lv_draw_sw_blend_to_rgb565.c...
compiling lv_draw_sw_blend_to_rgb565_swapped.c...
compiling lv_draw_sw.c...
compiling lv_draw_sw_arc.c...
compiling lv_draw_sw_border.c...
compiling lv_draw_sw_blend_to_rgb888.c...
compiling lv_draw_sw_grad.c...
compiling lv_draw_sw_fill.c...
compiling lv_draw_sw_box_shadow.c...
compiling lv_draw_sw_letter.c...
compiling lv_draw_sw_line.c...
compiling lv_draw_sw_mask_rect.c...
compiling lv_draw_sw_mask.c...
compiling lv_draw_sw_img.c...
compiling lv_draw_sw_triangle.c...
compiling lv_draw_sw_vector.c...
compiling lv_draw_sw_transform.c...
compiling lv_lcd_generic_mipi.c...
compiling lv_evdev.c...
compiling lv_libinput.c...
compiling lv_xkb.c...
compiling lv_nuttx_fbdev.c...
compiling lv_nuttx_entry.c...
compiling lv_nuttx_cache.c...
compiling lv_draw_sw_utils.c...
compiling lv_nuttx_lcd.c...
compiling lv_nuttx_image_cache.c...
compiling lv_nuttx_mouse.c...
compiling lv_nuttx_libuv.c...
compiling lv_opengles_shader.c...
compiling lv_nuttx_touchscreen.c...
compiling egl.c...
compiling lv_opengles_egl.c...
compiling lv_opengles_driver.c...
compiling lv_opengles_debug.c...
compiling gles2.c...
compiling lv_opengles_glfw.c...
compiling lv_opengl_shader_manager.c...
compiling lv_opengl_shader_program.c...
compiling lv_opengles_texture.c...
compiling lv_qnx.c...
compiling lv_sdl_mousewheel.c...
compiling lv_sdl_mouse.c...
compiling lv_sdl_keyboard.c...
compiling lv_sdl_window.c...
compiling lv_uefi_context.c...
compiling lv_uefi_indev_keyboard.c...
compiling lv_uefi_display.c...
compiling lv_uefi_indev_pointer.c...
compiling lv_uefi_indev_touch.c...
compiling lv_wayland.c...
compiling lv_uefi_private.c...
compiling lv_wl_cache.c...
compiling lv_wayland_smm.c...
compiling lv_wl_dmabuf.c...
compiling lv_wl_keyboard.c...
compiling lv_wl_pointer_axis.c...
compiling lv_wl_seat.c...
compiling lv_wl_pointer.c...
compiling lv_wl_shm.c...
compiling lv_wl_touch.c...
compiling lv_wl_window_decorations.c...
compiling lv_wl_window.c...
compiling lv_wl_xdg_shell.c...
compiling lv_x11_display.c...
compiling lv_x11_input.c...
compiling lv_font.c...
compiling lv_font_dejavu_16_persian_hebrew.c...
compiling lv_binfont_loader.c...
compiling lv_font_fmt_txt.c...
compiling lv_font_montserrat_10.c...
compiling lv_font_montserrat_12.c...
compiling lv_font_montserrat_14.c...
compiling lv_font_montserrat_14_aligned.c...
compiling lv_font_montserrat_16.c...
compiling lv_font_montserrat_18.c...
compiling lv_font_montserrat_22.c...
compiling lv_font_montserrat_20.c...
compiling lv_font_montserrat_24.c...
compiling lv_font_montserrat_28.c...
compiling lv_font_montserrat_26.c...
compiling lv_font_montserrat_28_compressed.c...
compiling lv_font_montserrat_30.c...
compiling lv_font_montserrat_32.c...
compiling lv_font_montserrat_34.c...
compiling lv_font_montserrat_36.c...
compiling lv_font_montserrat_38.c...
compiling lv_font_montserrat_42.c...
compiling lv_font_montserrat_40.c...
compiling lv_font_montserrat_44.c...
compiling lv_font_montserrat_46.c...
compiling lv_font_montserrat_48.c...
compiling lv_font_montserrat_8.c...
compiling lv_font_source_han_sans_sc_14_cjk.c...
compiling lv_font_source_han_sans_sc_16_cjk.c...
compiling lv_font_unscii_16.c...
compiling lv_font_unscii_8.c...
compiling lv_indev_gesture.c...
compiling lv_flex.c...
compiling lv_indev_scroll.c...
compiling lv_indev.c...
compiling lv_layout.c...
compiling lv_fs_cbfs.c...
compiling lv_grid.c...
compiling lv_bin_decoder.c...
compiling lv_init.c...
compiling lv_cache_lru_ll.c...
compiling lv_fs_uefi.c...
compiling lv_cache_lru_rb.c...
compiling lv_image_cache.c...
compiling lv_image_header_cache.c...
compiling lv_cache_sc_da.c...
compiling lv_cache.c...
compiling lv_cache_entry.c...
compiling lv_anim_timeline.c...
compiling lv_anim.c...
compiling lv_array.c...
compiling lv_async.c...
compiling lv_area.c...
compiling lv_bidi.c...
compiling lv_circle_buf.c...
compiling lv_color.c...
compiling lv_color_op.c...
compiling lv_event.c...
compiling lv_grad.c...
compiling lv_iter.c...
compiling lv_fs.c...
compiling lv_ll.c...
compiling lv_log.c...
compiling lv_lru.c...
compiling lv_matrix.c...
compiling lv_palette.c...
compiling lv_math.c...
compiling lv_profiler_builtin_posix.c...
compiling lv_profiler_builtin.c...
compiling lv_rb.c...
compiling lv_templ.c...
compiling lv_style.c...
compiling lv_style_gen.c...
compiling lv_text_ap.c...
compiling lv_tree.c...
compiling lv_text.c...
compiling lv_timer.c...
compiling lv_utils.c...
compiling lv_linux.c...
compiling lv_os_none.c...
compiling lv_os.c...
compiling lv_sysmon.c...
compiling vg_lite_tvg.cpp...
compiling vg_lite_matrix.c...
compiling lv_observer.c...
compiling lv_mem_core_builtin.c...
compiling lv_sprintf_builtin.c...
compiling lv_mem_core_clib.c...
compiling lv_string_builtin.c...
compiling lv_sprintf_clib.c...
compiling lv_tlsf.c...
compiling lv_string_clib.c...
compiling lv_mem_core_micropython.c...
compiling lv_mem.c...
compiling lv_mem_core_rtthread.c...
compiling lv_sprintf_rtthread.c...
compiling lv_mem_core_uefi.c...
compiling lv_string_rtthread.c...
compiling lv_theme.c...
compiling lv_theme_simple.c...
compiling lv_theme_mono.c...
compiling lv_theme_default.c...
compiling lv_tick.c...
compiling lv_3dtexture.c...
compiling lv_animimage.c...
compiling lv_arclabel.c...
compiling lv_arc.c...
compiling lv_bar.c...
compiling lv_button.c...
compiling lv_calendar_chinese.c...
compiling lv_calendar_header_arrow.c...
compiling lv_calendar.c...
compiling lv_buttonmatrix.c...
compiling lv_calendar_header_dropdown.c...
compiling lv_canvas.c...
compiling lv_checkbox.c...
compiling lv_dropdown.c...
compiling lv_imagebutton.c...
compiling lv_chart.c...
compiling lv_image.c...
compiling lv_keyboard.c...
compiling lv_led.c...
compiling lv_line.c...
compiling lv_lottie.c...
compiling lv_label.c...
compiling lv_list.c...
compiling lv_objx_templ.c...
compiling lv_menu.c...
compiling lv_animimage_properties.c...
compiling lv_msgbox.c...
compiling lv_dropdown_properties.c...
compiling lv_image_properties.c...
compiling lv_keyboard_properties.c...
compiling lv_label_properties.c...
compiling lv_obj_properties.c...
compiling lv_roller_properties.c...
compiling lv_style_properties.c...
compiling lv_slider_properties.c...
compiling lv_textarea_properties.c...
compiling lv_slider.c...
compiling lv_roller.c...
compiling lv_scale.c...
compiling lv_spinner.c...
compiling lv_spinbox.c...
compiling lv_span.c...
compiling lv_switch.c...
compiling lv_tabview.c...
compiling lv_tileview.c...
compiling lv_table.c...
compiling lv_textarea.c...
compiling lv_win.c...
RTE/LVGL/lv_port_disp_template.c(20): warning: Please define or replace the macro MY_DISP_HOR_RES with the actual screen width, default value 320 is used for now. [-W#warnings]
    #warning Please define or replace the macro MY_DISP_HOR_RES with the actual screen width, default value 320 is used for now.
     ^
RTE/LVGL/lv_port_disp_template.c(25): warning: Please define or replace the macro MY_DISP_VER_RES with the actual screen height, default value 240 is used for now. [-W#warnings]
    #warning Please define or replace the macro MY_DISP_VER_RES with the actual screen height, default value 240 is used for now.
     ^
2 warnings generated.
compiling lv_port_disp_template.c...
linking...
Program Size: Code=391732 RO-data=222328 RW-data=848 ZI-data=75480  
FromELF: creating hex file...
"Remote_Control\Remote_Control.axf" - 0 Error(s), 3 Warning(s).

<h2>Software Packages used:</h2>

Package Vendor: ARM
                http://www.keil.com/pack/ARM.CMSIS.5.9.0.pack
                ARM.CMSIS.5.9.0
                CMSIS (Common Microcontroller Software Interface Standard)
   * Component: CORE Version: 5.6.0

Package Vendor: LVGL
                https://raw.githubusercontent.com/lvgl/lvgl/master/env_support/cmsis-pack/LVGL.lvgl.9.4.0.pack
                LVGL.lvgl.9.4.0
                LVGL (Light and Versatile Graphics Library) is a free and open-source graphics library providing everything you need to create an embedded GUI with easy-to-use graphical elements, beautiful visual effects and a low memory footprint.
   * Component: Assets Version: 9.4.0
   * Component: Widgets Version: 9.4.0
   * Component: Essential Version: 9.4.0
   * Component: Display Variant: Generic Version: 9.4.0

Package Vendor: Keil
                http://www.keil.com/pack/Keil.STM32F4xx_DFP.2.16.0.pack
                Keil.STM32F4xx_DFP.2.16.0
                STMicroelectronics STM32F4 Series Device Support, Drivers and Examples

<h2>Collection of Component include folders:</h2>
  ./RTE/LVGL
  ./RTE/_Remote_Control
  D:/APP/keil/ARM/CMSIS/5.9.0/CMSIS/Core/Include
  D:/APP/keil/Keil/STM32F4xx_DFP/2.16.0/Drivers/CMSIS/Device/ST/STM32F4xx/Include
  D:/APP/keil/LVGL/lvgl/9.4.0
  D:/APP/keil/LVGL/lvgl/9.4.0/src/core

<h2>Collection of Component Files used:</h2>

   * Component: ARM::CMSIS:CORE:5.6.0
      Include file:  CMSIS/Core/Include/tz_context.h

   * Component: LVGL.LVGL9::LVGL:Demos:Assets:9.4.0
      Source file:   demos/music/assets/img_lv_demo_music_icon_2.c
      Source file:   demos/music/assets/img_lv_demo_music_icon_1_large.c
      Source file:   demos/music/assets/img_lv_demo_music_icon_4.c
      Source file:   demos/benchmark/assets/img_benchmark_avatar.c
      Source file:   demos/music/assets/img_lv_demo_music_icon_1.c
      Source file:   demos/music/assets/img_lv_demo_music_cover_3_large.c
      Source file:   demos/music/assets/img_lv_demo_music_wave_bottom_large.c
      Source file:   demos/benchmark/assets/img_benchmark_lvgl_logo_argb.c
      Source file:   demos/benchmark/assets/lv_font_benchmark_montserrat_18_aligned.c
      Source file:   demos/benchmark/assets/lv_font_benchmark_montserrat_14_aligned.c
      Source file:   demos/benchmark/assets/img_benchmark_lvgl_logo_rgb.c
      Source file:   demos/benchmark/assets/lv_font_benchmark_montserrat_24_aligned.c
      Source file:   demos/music/assets/img_lv_demo_music_wave_top_large.c
      Source file:   demos/music/assets/img_lv_demo_music_wave_top.c
      Source file:   demos/benchmark/assets/lv_font_benchmark_montserrat_20_aligned.c
      Source file:   demos/music/assets/img_lv_demo_music_wave_bottom.c
      Source file:   demos/music/assets/img_lv_demo_music_slider_knob_large.c
      Source file:   demos/benchmark/assets/lv_font_benchmark_montserrat_16_aligned.c
      Source file:   demos/music/assets/img_lv_demo_music_list_border.c
      Source file:   demos/music/assets/img_lv_demo_music_icon_4_large.c
      Source file:   demos/music/assets/img_lv_demo_music_slider_knob.c
      Source file:   demos/music/assets/img_lv_demo_music_icon_3_large.c
      Source file:   demos/benchmark/assets/lv_font_benchmark_montserrat_26_aligned.c
      Source file:   demos/benchmark/assets/lv_font_benchmark_montserrat_12_aligned.c
      Source file:   demos/music/assets/img_lv_demo_music_logo.c
      Source file:   demos/music/assets/img_lv_demo_music_list_border_large.c
      Source file:   demos/music/assets/img_lv_demo_music_icon_3.c
      Source file:   demos/music/assets/img_lv_demo_music_icon_2_large.c
      Source file:   demos/music/assets/img_lv_demo_music_btn_list_play_large.c
      Source file:   demos/music/assets/img_lv_demo_music_cover_3.c
      Source file:   demos/music/assets/img_lv_demo_music_btn_list_play.c
      Source file:   demos/music/assets/img_lv_demo_music_btn_list_pause_large.c
      Source file:   demos/music/assets/img_lv_demo_music_btn_corner_large.c
      Source file:   demos/widgets/assets/img_demo_widgets_avatar.c
      Source file:   demos/widgets/assets/img_clothes.c
      Source file:   demos/widgets/assets/img_lvgl_logo.c
      Source file:   demos/music/assets/img_lv_demo_music_cover_1.c
      Source file:   demos/music/assets/img_lv_demo_music_btn_prev.c
      Source file:   demos/music/assets/img_lv_demo_music_btn_play.c
      Source file:   demos/music/assets/img_lv_demo_music_btn_loop_large.c
      Source file:   demos/widgets/assets/img_demo_widgets_needle.c
      Source file:   demos/music/assets/img_lv_demo_music_cover_2_large.c
      Source file:   demos/music/assets/img_lv_demo_music_corner_right.c
      Source file:   demos/music/assets/img_lv_demo_music_btn_list_pause.c
      Source file:   demos/music/assets/img_lv_demo_music_btn_loop.c
      Source file:   demos/vector_graphic/assets/img_demo_vector_avatar.c
      Source file:   demos/render/assets/img_render_arc_bg.c
      Source file:   demos/music/assets/img_lv_demo_music_btn_prev_large.c
      Source file:   demos/music/assets/img_lv_demo_music_btn_rnd_large.c
      Source file:   demos/music/assets/img_lv_demo_music_corner_left_large.c
      Source file:   demos/music/assets/img_lv_demo_music_cover_1_large.c
      Source file:   demos/music/assets/img_lv_demo_music_corner_left.c
      Source file:   demos/music/assets/img_lv_demo_music_cover_2.c
      Source file:   demos/music/assets/img_lv_demo_music_btn_rnd.c
      Source file:   demos/music/assets/img_lv_demo_music_btn_next_large.c
      Source file:   demos/music/assets/img_lv_demo_music_btn_next.c
      Source file:   demos/music/assets/img_lv_demo_music_btn_pause.c
      Source file:   demos/music/assets/img_lv_demo_music_btn_play_large.c
      Source file:   demos/music/assets/img_lv_demo_music_btn_pause_large.c
      Source file:   demos/music/assets/img_lv_demo_music_corner_right_large.c
      Source file:   demos/render/assets/img_render_lvgl_logo_rgb565.c
      Source file:   demos/render/assets/img_render_lvgl_logo_argb8888.c
      Source file:   demos/render/assets/img_render_lvgl_logo_rgb565a8.c
      Source file:   demos/render/assets/img_render_lvgl_logo_xrgb8888.c
      Source file:   demos/render/assets/img_render_lvgl_logo_rgb888.c
      Source file:   demos/render/assets/img_render_lvgl_logo_l8.c
      Source file:   demos/render/assets/img_render_lvgl_logo_argb8888_premultiplied.c
      Source file:   demos/render/assets/img_render_lvgl_logo_i1.c
      Source file:   demos/render/assets/img_render_lvgl_logo_rgb565_swapped.c

   * Component: LVGL.LVGL9::LVGL:Demos:Widgets:9.4.0
      Source file:   demos/widgets/lv_demo_widgets_shop.c
      Source file:   demos/widgets/lv_demo_widgets_components.c
      Source file:   demos/widgets/lv_demo_widgets.c
      Source file:   demos/widgets/lv_demo_widgets_profile.c
      Source file:   demos/widgets/lv_demo_widgets_analytics.c

   * Component: LVGL.LVGL9::LVGL:Essential:9.4.0
      Include file:  src/core/lv_global.h
      Source file:   src/core/lv_obj.c
      Source file:   src/core/lv_obj_pos.c
      Source file:   src/core/lv_obj_style.c
      Source file:   src/core/lv_obj_class.c
      Source file:   src/core/lv_refr.c
      Source file:   src/core/lv_obj_property.c
      Source file:   src/core/lv_obj_tree.c
      Source file:   src/drivers/evdev/lv_evdev.c
      Source file:   src/core/lv_obj_event.c
      Source file:   src/core/lv_obj_draw.c
      Source file:   src/core/lv_obj_scroll.c
      Source file:   src/core/lv_obj_style_gen.c
      Source file:   src/drivers/display/lcd/lv_lcd_generic_mipi.c
      Source file:   src/drivers/nuttx/lv_nuttx_entry.c
      Source file:   src/core/lv_group.c
      Source file:   src/core/lv_obj_id_builtin.c
      Source file:   src/lv_init.c
      Source file:   src/drivers/sdl/lv_sdl_mouse.c
      Source file:   src/drivers/sdl/lv_sdl_mousewheel.c
      Source file:   src/drivers/nuttx/lv_nuttx_mouse.c
      Source file:   src/drivers/opengles/lv_opengles_egl.c
      Source file:   src/drivers/opengles/glad/src/egl.c
      Source file:   src/drivers/opengles/glad/src/gles2.c
      Source file:   src/drivers/sdl/lv_sdl_window.c
      Source file:   src/drivers/wayland/lv_wl_cache.c
      Source file:   src/drivers/nuttx/lv_nuttx_fbdev.c
      Source file:   src/drivers/nuttx/lv_nuttx_lcd.c
      Source file:   src/drivers/opengles/lv_opengles_driver.c
      Source file:   src/drivers/x11/lv_x11_input.c
      Source file:   src/drivers/opengles/lv_opengles_texture.c
      Source file:   src/drivers/opengles/opengl_shader/lv_opengl_shader_manager.c
      Source file:   src/drivers/libinput/lv_xkb.c
      Source file:   src/drivers/opengles/opengl_shader/lv_opengl_shader_program.c
      Source file:   src/drivers/qnx/lv_qnx.c
      Source file:   src/drivers/wayland/lv_wayland_smm.c
      Source file:   src/drivers/wayland/lv_wl_keyboard.c
      Source file:   src/drivers/nuttx/lv_nuttx_libuv.c
      Source file:   src/drivers/opengles/lv_opengles_debug.c
      Source file:   src/drivers/libinput/lv_libinput.c
      Source file:   src/drivers/wayland/lv_wl_dmabuf.c
      Source file:   src/drivers/nuttx/lv_nuttx_touchscreen.c
      Source file:   src/drivers/nuttx/lv_nuttx_cache.c
      Source file:   src/drivers/wayland/lv_wayland.c
      Source file:   src/drivers/opengles/assets/lv_opengles_shader.c
      Source file:   src/drivers/nuttx/lv_nuttx_image_cache.c
      Source file:   src/drivers/opengles/lv_opengles_glfw.c
      Source file:   src/drivers/wayland/lv_wl_pointer.c
      Source file:   src/drivers/x11/lv_x11_display.c
      Source file:   src/drivers/sdl/lv_sdl_keyboard.c
      Source file:   src/draw/sw/lv_draw_sw_border.c
      Source file:   src/drivers/uefi/lv_uefi_indev_touch.c
      Source file:   src/draw/lv_draw_rect.c
      Source file:   src/draw/sw/lv_draw_sw_box_shadow.c
      Source file:   src/drivers/wayland/lv_wl_touch.c
      Source file:   src/drivers/wayland/lv_wl_window_decorations.c
      Source file:   src/draw/lv_draw_3d.c
      Source file:   src/draw/lv_draw_mask.c
      Source file:   src/drivers/wayland/lv_wl_pointer_axis.c
      Source file:   src/draw/lv_draw_triangle.c
      Source file:   src/drivers/wayland/lv_wl_window.c
      Source file:   src/drivers/wayland/lv_wl_xdg_shell.c
      Source file:   src/drivers/uefi/lv_uefi_context.c
      Source file:   src/drivers/uefi/lv_uefi_indev_keyboard.c
      Source file:   src/draw/lv_draw_arc.c
      Source file:   src/draw/lv_draw_buf.c
      Source file:   src/draw/lv_draw_line.c
      Source file:   src/draw/lv_draw_label.c
      Source file:   src/draw/lv_image_decoder.c
      Source file:   src/draw/sw/lv_draw_sw_utils.c
      Source file:   src/drivers/uefi/lv_uefi_indev_pointer.c
      Source file:   src/display/lv_display.c
      Source file:   src/draw/sw/lv_draw_sw.c
      Source file:   src/draw/sw/lv_draw_sw_arc.c
      Source file:   src/draw/lv_draw_image.c
      Source file:   src/drivers/wayland/lv_wl_shm.c
      Source file:   src/draw/sw/lv_draw_sw_fill.c
      Source file:   src/drivers/uefi/lv_uefi_private.c
      Source file:   src/drivers/wayland/lv_wl_seat.c
      Source file:   src/drivers/uefi/lv_uefi_display.c
      Source file:   src/draw/lv_draw.c
      Source file:   src/draw/lv_draw_vector.c
      Source file:   src/draw/sw/blend/lv_draw_sw_blend_to_rgb888.c
      Source file:   src/draw/opengles/lv_draw_opengles.c
      Source file:   src/font/lv_binfont_loader.c
      Source file:   src/font/lv_font.c
      Source file:   src/font/lv_font_fmt_txt.c
      Source file:   src/draw/sw/lv_draw_sw_vector.c
      Source file:   src/font/lv_font_montserrat_8.c
      Source file:   src/font/lv_font_montserrat_10.c
      Source file:   src/font/lv_font_montserrat_12.c
      Source file:   src/draw/sw/lv_draw_sw_img.c
      Source file:   src/draw/sw/lv_draw_sw_triangle.c
      Source file:   src/draw/sw/blend/lv_draw_sw_blend_to_l8.c
      Source file:   src/font/lv_font_dejavu_16_persian_hebrew.c
      Source file:   src/draw/sw/lv_draw_sw_grad.c
      Source file:   src/draw/sw/lv_draw_sw_transform.c
      Source file:   src/draw/sw/blend/lv_draw_sw_blend_to_argb8888.c
      Source file:   src/draw/convert/neon/lv_draw_buf_convert_neon.c
      Source file:   src/draw/sw/blend/lv_draw_sw_blend_to_argb8888_premultiplied.c
      Source file:   src/draw/convert/helium/lv_draw_buf_convert_helium.c
      Source file:   src/draw/sw/blend/lv_draw_sw_blend_to_rgb565_swapped.c
      Source file:   src/draw/sw/lv_draw_sw_letter.c
      Source file:   src/draw/sw/blend/neon/lv_draw_sw_blend_neon_to_rgb565.c
      Source file:   src/draw/sw/lv_draw_sw_mask.c
      Source file:   src/draw/sw/blend/lv_draw_sw_blend.c
      Source file:   src/draw/sw/blend/lv_draw_sw_blend_to_al88.c
      Source file:   src/draw/sw/lv_draw_sw_mask_rect.c
      Source file:   src/draw/sw/blend/lv_draw_sw_blend_to_rgb565.c
      Source file:   src/draw/sw/blend/neon/lv_draw_sw_blend_neon_to_rgb888.c
      Source file:   src/draw/convert/lv_draw_buf_convert.c
      Source file:   src/draw/sw/lv_draw_sw_line.c
      Source file:   src/draw/sw/blend/lv_draw_sw_blend_to_i1.c
      Source file:   src/font/lv_font_montserrat_48.c
      Source file:   src/font/lv_font_montserrat_14_aligned.c
      Source file:   src/font/lv_font_montserrat_20.c
      Source file:   src/font/lv_font_montserrat_26.c
      Source file:   src/font/lv_font_source_han_sans_sc_16_cjk.c
      Source file:   src/font/lv_font_montserrat_18.c
      Source file:   src/font/lv_font_montserrat_16.c
      Source file:   src/font/lv_font_montserrat_38.c
      Source file:   src/font/lv_font_montserrat_44.c
      Source file:   src/font/lv_font_montserrat_22.c
      Source file:   src/font/lv_font_source_han_sans_sc_14_cjk.c
      Source file:   src/indev/lv_indev.c
      Source file:   src/indev/lv_indev_gesture.c
      Source file:   src/font/lv_font_montserrat_30.c
      Source file:   src/font/lv_font_montserrat_34.c
      Source file:   src/font/lv_font_montserrat_24.c
      Source file:   src/font/lv_font_unscii_16.c
      Source file:   src/indev/lv_indev_scroll.c
      Source file:   src/layouts/lv_layout.c
      Source file:   src/layouts/flex/lv_flex.c
      Source file:   src/font/lv_font_montserrat_40.c
      Source file:   src/font/lv_font_unscii_8.c
      Source file:   src/layouts/grid/lv_grid.c
      Source file:   src/font/lv_font_montserrat_36.c
      Source file:   src/misc/lv_anim.c
      Source file:   src/misc/lv_anim_timeline.c
      Source file:   src/font/lv_font_montserrat_28.c
      Source file:   src/font/lv_font_montserrat_28_compressed.c
      Source file:   src/font/lv_font_montserrat_42.c
      Source file:   src/font/lv_font_montserrat_32.c
      Source file:   src/font/lv_font_montserrat_46.c
      Source file:   src/font/lv_font_montserrat_14.c
      Source file:   src/misc/lv_timer.c
      Source file:   src/misc/lv_iter.c
      Source file:   src/misc/lv_color.c
      Source file:   src/misc/lv_circle_buf.c
      Source file:   src/misc/lv_tree.c
      Source file:   src/misc/cache/class/lv_cache_lru_rb.c
      Source file:   src/misc/cache/class/lv_cache_lru_ll.c
      Source file:   src/misc/lv_bidi.c
      Source file:   src/misc/lv_async.c
      Source file:   src/misc/lv_color_op.c
      Source file:   src/misc/lv_fs.c
      Source file:   src/misc/lv_log.c
      Source file:   src/misc/lv_event.c
      Source file:   src/misc/lv_text.c
      Source file:   src/misc/lv_text_ap.c
      Source file:   src/misc/lv_templ.c
      Source file:   src/misc/lv_utils.c
      Source file:   src/misc/cache/lv_cache.c
      Source file:   src/misc/lv_area.c
      Source file:   src/misc/cache/lv_cache_entry.c
      Source file:   src/misc/lv_matrix.c
      Source file:   src/misc/lv_ll.c
      Source file:   src/misc/lv_lru.c
      Source file:   src/misc/lv_math.c
      Source file:   src/misc/lv_grad.c
      Source file:   src/misc/lv_palette.c
      Source file:   src/misc/lv_profiler_builtin.c
      Source file:   src/misc/lv_profiler_builtin_posix.c
      Source file:   src/misc/lv_rb.c
      Source file:   src/misc/lv_array.c
      Source file:   src/misc/lv_style.c
      Source file:   src/misc/lv_style_gen.c
      Source file:   src/misc/cache/class/lv_cache_sc_da.c
      Source file:   src/stdlib/lv_mem.c
      Source file:   src/themes/mono/lv_theme_mono.c
      Source file:   src/stdlib/clib/lv_string_clib.c
      Source file:   src/widgets/canvas/lv_canvas.c
      Source file:   src/widgets/calendar/lv_calendar.c
      Source file:   src/widgets/arc/lv_arc.c
      Source file:   src/misc/cache/instance/lv_image_header_cache.c
      Source file:   src/widgets/buttonmatrix/lv_buttonmatrix.c
      Source file:   src/tick/lv_tick.c
      Source file:   src/stdlib/micropython/lv_mem_core_micropython.c
      Source file:   src/stdlib/builtin/lv_sprintf_builtin.c
      Source file:   src/widgets/bar/lv_bar.c
      Source file:   src/widgets/arclabel/lv_arclabel.c
      Source file:   src/widgets/calendar/lv_calendar_chinese.c
      Source file:   src/stdlib/clib/lv_sprintf_clib.c
      Source file:   src/widgets/animimage/lv_animimage.c
      Source file:   src/stdlib/builtin/lv_mem_core_builtin.c
      Source file:   src/stdlib/uefi/lv_mem_core_uefi.c
      Source file:   src/stdlib/builtin/lv_string_builtin.c
      Source file:   src/misc/cache/instance/lv_image_cache.c
      Source file:   src/stdlib/rtthread/lv_mem_core_rtthread.c
      Source file:   src/stdlib/rtthread/lv_string_rtthread.c
      Source file:   src/themes/simple/lv_theme_simple.c
      Source file:   src/themes/default/lv_theme_default.c
      Source file:   src/widgets/button/lv_button.c
      Source file:   src/widgets/calendar/lv_calendar_header_arrow.c
      Source file:   src/widgets/calendar/lv_calendar_header_dropdown.c
      Source file:   src/stdlib/builtin/lv_tlsf.c
      Source file:   src/stdlib/clib/lv_mem_core_clib.c
      Source file:   src/stdlib/rtthread/lv_sprintf_rtthread.c
      Source file:   src/themes/lv_theme.c
      Source file:   src/widgets/msgbox/lv_msgbox.c
      Source file:   src/widgets/spinner/lv_spinner.c
      Source file:   src/widgets/imagebutton/lv_imagebutton.c
      Source file:   src/widgets/list/lv_list.c
      Source file:   src/widgets/scale/lv_scale.c
      Source file:   src/widgets/win/lv_win.c
      Source file:   src/widgets/property/lv_label_properties.c
      Source file:   src/widgets/property/lv_keyboard_properties.c
      Source file:   src/widgets/dropdown/lv_dropdown.c
      Source file:   src/widgets/span/lv_span.c
      Source file:   src/widgets/objx_templ/lv_objx_templ.c
      Source file:   src/widgets/label/lv_label.c
      Source file:   src/widgets/image/lv_image.c
      Source file:   src/widgets/textarea/lv_textarea.c
      Source file:   src/widgets/chart/lv_chart.c
      Source file:   src/widgets/led/lv_led.c
      Source file:   src/widgets/tabview/lv_tabview.c
      Source file:   src/widgets/tileview/lv_tileview.c
      Source file:   src/widgets/property/lv_image_properties.c
      Source file:   src/widgets/checkbox/lv_checkbox.c
      Source file:   src/widgets/slider/lv_slider.c
      Source file:   src/widgets/switch/lv_switch.c
      Source file:   src/widgets/spinbox/lv_spinbox.c
      Source file:   src/widgets/table/lv_table.c
      Source file:   src/widgets/lottie/lv_lottie.c
      Source file:   src/widgets/roller/lv_roller.c
      Source file:   src/widgets/3dtexture/lv_3dtexture.c
      Source file:   src/widgets/keyboard/lv_keyboard.c
      Source file:   src/widgets/menu/lv_menu.c
      Source file:   src/widgets/property/lv_obj_properties.c
      Source file:   src/widgets/property/lv_style_properties.c
      Source file:   src/widgets/line/lv_line.c
      Source file:   src/widgets/property/lv_dropdown_properties.c
      Include file:  lvgl.h
      Source file:   src/others/vg_lite_tvg/vg_lite_tvg.cpp
      Source file:   examples/porting/lv_port_fs_template.c
      Source file:   src/others/sysmon/lv_sysmon.c
      Source file:   examples/porting/lv_port_disp_template.c
      Source file:   src/widgets/property/lv_roller_properties.c
      Source file:   src/widgets/property/lv_animimage_properties.c
      Source file:   src/osal/lv_os.c
      Source file:   lv_cmsis_pack.c
      Source file:   src/libs/bin_decoder/lv_bin_decoder.c
      Source file:   src/widgets/property/lv_slider_properties.c
      Source file:   src/osal/lv_os_none.c
      Source file:   src/osal/lv_linux.c
      Source file:   src/libs/fsdrv/lv_fs_uefi.c
      Source file:   src/others/observer/lv_observer.c
      Source file:   src/widgets/property/lv_textarea_properties.c
      Source file:   src/libs/fsdrv/lv_fs_cbfs.c
      Include file:  examples/porting/lv_port_disp_template.h
      Source file:   src/others/vg_lite_tvg/vg_lite_matrix.c
      Source file:   examples/porting/lv_port_indev_template.c
      Include file:  examples/porting/lv_port_indev_template.h
      Include file:  examples/porting/lv_port_fs_template.h
      Source file:   demos/lv_demos.c

   * Component: LVGL.LVGL9::LVGL:Porting:Display:Generic:9.4.0
      Include file:  examples/porting/lv_port_disp_template.h
      Source file:   examples/porting/lv_port_disp_template.c
Build Time Elapsed:  00:01:34
</pre>
</body>
</html>
